I/DEBUG   (   30):     455b68b8  afd41b6c  /system/lib/libc.so
I/DEBUG   (   30):     455b68bc  000f0002  [heap]
I/DEBUG   (   30):     455b68c0  455b6928  
I/DEBUG   (   30):     455b68c4  455b68dc  
I/DEBUG   (   30):     455b68c8  a8744fec  /system/lib/libwebcore.so
I/DEBUG   (   30):     455b68cc  80a09390  
I/DEBUG   (   30):     455b68d0  df002777  
I/DEBUG   (   30):     455b68d4  e3a070ad  
I/DEBUG   (   30): #00 455b68d8  a85be879  /system/lib/libwebcore.so
I/DEBUG   (   30):     455b68dc  80a059cd  /system/lib/libt.so
I/DEBUG   (   30):     455b68e0  a854e735  /system/lib/libwebcore.so
I/DEBUG   (   30):     455b68e4  455b6a50  
I/DEBUG   (   30):     455b68e8  45a0a100  
I/DEBUG   (   30):     455b68ec  a842f509  /system/lib/libwebcore.so
I/DEBUG   (   30):     455b68f0  a8551e41  /system/lib/libwebcore.so
I/DEBUG   (   30):     455b68f4  a85462d5  /system/lib/libwebcore.so
I/DEBUG   (   30):     455b68f8  457f2084  
I/DEBUG   (   30):     455b68fc  457f2068  
I/DEBUG   (   30):     455b6900  00bb116c  [heap]
I/DEBUG   (   30):     455b6904  008985e0  [heap]
I/DEBUG   (   30):     455b6908  00bb12b8  [heap]
I/DEBUG   (   30):     455b690c  455b6a50  
I/DEBUG   (   30):     455b6910  3fffffff  
I/DEBUG   (   30):     455b6914  a860e60b  /system/lib/libwebcore.so
I/DEBUG   (   30):     455b6918  455b6a64  
I/DEBUG   (   30):     455b691c  455b6a64  
I/BootReceiver(   58): Copying /data/tombstones/tombstone_08 to DropBox (SYSTEM_TOMBSTONE)
D/Zygote  (   32): Process 1011 terminated by signal (11)
D/dalvikvm(   58): GC_FOR_MALLOC freed 3103 objects / 724208 bytes in 87ms
I/ActivityManager(   58): Process com.android.browser (pid 1011) has died.
I/WindowManager(   58): WIN DEATH: Window{43fb9648 com.android.browser/com.android.browser.BrowserActivity paused=false}
I/WindowManager(   58): WIN DEATH: Window{43ff5be0 com.android.browser/com.android.browser.BrowserActivity paused=false}
I/UsageStats(   58): Unexpected resume of com.android.launcher while already resumed in com.android.browser
D/dalvikvm(   58): GC_FOR_MALLOC freed 827 objects / 782064 bytes in 59ms
W/InputManagerService(   58): Got RemoteException sending setActive(false) notification to pid 1011 uid 10000
D/AndroidRuntime( 1055): 
D/AndroidRuntime( 1055): >>>>>>>>>>>>>> AndroidRuntime START <<<<<<<<<<<<<<
D/AndroidRuntime( 1055): CheckJNI is ON
D/AndroidRuntime( 1055): --- registering native functions ---
I/ActivityManager(   58): Starting activity: Intent { act=android.intent.action.VIEW dat=about:blank flg=0x10000000 cmp=com.android.browser/.BrowserActivity }
I/ActivityManager(   58): Start proc com.android.browser for activity com.android.browser/.BrowserActivity: pid=1061 uid=10000 gids={3003, 1015}
D/AndroidRuntime( 1055): Shutting down VM
D/jdwp    ( 1055): adbd disconnected
I/AndroidRuntime( 1055): NOTE: attach of thread 'Binder Thread #3' failed
I/ActivityThread( 1061): Publishing provider browser: com.android.browser.BrowserProvider
I/ActivityManager(   58): Displayed activity com.android.browser/.BrowserActivity: 972 ms (total 972 ms)
D/dalvikvm(  115): GC_EXPLICIT freed 145 objects / 7504 bytes in 55ms
D/AndroidRuntime( 1085): 
D/AndroidRuntime( 1085): >>>>>>>>>>>>>> AndroidRuntime START <<<<<<<<<<<<<<
D/AndroidRuntime( 1085): CheckJNI is ON
D/AndroidRuntime( 1085): --- registering native functions ---
I/ActivityManager(   58): Starting activity: Intent { act=android.intent.action.VIEW dat=http://192.168.69.127/sploit.html flg=0x10000000 cmp=com.android.browser/.BrowserActivity }
D/AndroidRuntime( 1085): Shutting down VM
D/jdwp    ( 1085): adbd disconnected
I/AndroidRuntime( 1085): NOTE: attach of thread 'Binder Thread #3' failed
D/dalvikvm( 1061): GC_FOR_MALLOC freed 4259 objects / 241416 bytes in 55ms
D/dalvikvm( 1061): GC_FOR_MALLOC freed 1109 objects / 71736 bytes in 56ms
W/InputManagerService(   58): Window already focused, ignoring focus gain of: com.android.internal.view.IInputMethodClient$Stub$Proxy@43e77240
W/InputManagerService(   58): Window already focused, ignoring focus gain of: com.android.internal.view.IInputMethodClient$Stub$Proxy@43f69af8
W/InputManagerService(   58): Window already focused, ignoring focus gain of: com.android.internal.view.IInputMethodClient$Stub$Proxy@43ec3000
I/DEBUG   (   30): *** *** *** *** *** *** *** *** *** *** *** *** *** *** *** ***
I/DEBUG   (   30): Build fingerprint: 'generic/sdk/generic/:2.2/FRF91/43546:eng/test-keys'
I/DEBUG   (   30): pid: 1061, tid: 1073  >>> com.android.browser <<<
I/DEBUG   (   30): signal 4 (SIGILL), fault addr 003c62e0
I/DEBUG   (   30):  r0 0099b758  r1 00000003  r2 45a09968  r3 003c62c4
I/DEBUG   (   30):  r4 0099b758  r5 45a09968  r6 45a09960  r7 455b6928
I/DEBUG   (   30):  r8 455b6d88  r9 42901f1c  10 42901f04  fp 002e0290
I/DEBUG   (   30):  ip a85be879  sp 455b68d8  lr a85be889  pc 003c62e0  cpsr 00000010
I/DEBUG   (   30):          #00  pc 003c62e0  [heap]
I/DEBUG   (   30):          #01  pc 002be886  /system/lib/libwebcore.so
I/DEBUG   (   30): 
I/DEBUG   (   30): code around pc:
I/DEBUG   (   30): 003c62c0 00000000 ea000005 00540053 00520041 
I/DEBUG   (   30): 003c62d0 005f0054 0041004d 004b0052 cccccccc 
I/DEBUG   (   30): 003c62e0 cccccccc cccccccc cccccccc cccccccc 
I/DEBUG   (   30): 003c62f0 cccccccc cccccccc cccccccc cccccccc 
I/DEBUG   (   30): 003c6300 cccccccc cccccccc cccccccc cccccccc 
I/DEBUG   (   30): 
I/DEBUG   (   30): code around lr:
I/DEBUG   (   30): a85be868 46c0bd70 0018383c ffff95b8 00001768 
I/DEBUG   (   30): a85be878 6884b510 d0072c00 68836820 47981c20 
I/DEBUG   (   30): a85be888 d1012800 e7f568a4 bd101c20 1c04b510 
I/DEBUG   (   30): a85be898 28006880 6801d006 47986a8b d0012800 
I/DEBUG   (   30): a85be8a8 e00068a0 bd102000 4b06b510 49074806 
I/DEBUG   (   30): 
I/DEBUG   (   30): stack:
I/DEBUG   (   30):     455b6898  002f4110  [heap]
I/DEBUG   (   30):     455b689c  a861c4a3  /system/lib/libwebcore.so
I/DEBUG   (   30):     455b68a0  002f40f8  [heap]
I/DEBUG   (   30):     455b68a4  455b690c  
I/DEBUG   (   30):     455b68a8  455b690c  
I/DEBUG   (   30):     455b68ac  a861d0d5  /system/lib/libwebcore.so
I/DEBUG   (   30):     455b68b0  a85be88b  /system/lib/libwebcore.so
I/DEBUG   (   30):     455b68b4  a85be879  /system/lib/libwebcore.so
I/DEBUG   (   30):     455b68b8  afd41b6c  /system/lib/libc.so
I/DEBUG   (   30):     455b68bc  000f0002  [heap]
I/DEBUG   (   30):     455b68c0  455b6928  
I/DEBUG   (   30):     455b68c4  455b68dc  
I/DEBUG   (   30):     455b68c8  a8744fec  /system/lib/libwebcore.so
I/DEBUG   (   30):     455b68cc  80a09390  
I/DEBUG   (   30):     455b68d0  df002777  
I/DEBUG   (   30):     455b68d4  e3a070ad  
I/DEBUG   (   30): #01 455b68d8  a85be879  /system/lib/libwebcore.so
I/DEBUG   (   30):     455b68dc  80a059cd  /system/lib/libt.so
I/DEBUG   (   30):     455b68e0  a854e735  /system/lib/libwebcore.so
I/DEBUG   (   30):     455b68e4  455b6a50  
I/DEBUG   (   30):     455b68e8  45a09960  
I/DEBUG   (   30):     455b68ec  a842f509  /system/lib/libwebcore.so
I/DEBUG   (   30):     455b68f0  a8551e41  /system/lib/libwebcore.so
I/DEBUG   (   30):     455b68f4  a85462d5  /system/lib/libwebcore.so
I/DEBUG   (   30):     455b68f8  457f2084  
I/DEBUG   (   30):     455b68fc  457f2068  
I/DEBUG   (   30):     455b6900  00c9e9a4  [heap]
I/DEBUG   (   30):     455b6904  00aa86a0  [heap]
I/DEBUG   (   30):     455b6908  00c9eaf0  [heap]
I/DEBUG   (   30):     455b690c  455b6a50  
I/DEBUG   (   30):     455b6910  3fffffff  
I/DEBUG   (   30):     455b6914  a860e60b  /system/lib/libwebcore.so
I/DEBUG   (   30):     455b6918  455b6a64  
I/DEBUG   (   30):     455b691c  455b6a64  
I/BootReceiver(   58): Copying /data/tombstones/tombstone_09 to DropBox (SYSTEM_TOMBSTONE)
D/Zygote  (   32): Process 1061 terminated by signal (4)
D/dalvikvm(   58): GC_FOR_MALLOC freed 3162 objects / 729520 bytes in 98ms
I/ActivityManager(   58): Process com.android.browser (pid 1061) has died.
I/WindowManager(   58): WIN DEATH: Window{43fadec0 com.android.browser/com.android.browser.BrowserActivity paused=false}
I/WindowManager(   58): WIN DEATH: Window{44007188 com.android.browser/com.android.browser.BrowserActivity paused=false}
I/UsageStats(   58): Unexpected resume of com.android.launcher while already resumed in com.android.browser
W/InputManagerService(   58): Got RemoteException sending setActive(false) notification to pid 1061 uid 10000
D/dalvikvm(   58): GC_FOR_MALLOC freed 1003 objects / 791048 bytes in 58ms
